// Jest Snapshot v1, https://goo.gl/fbAQLP

exports[`Should render editExpensePage 1`] = `undefined`;
